{
    "time": "2026-08-05T19:11:59+02:00",
    "remote_addr": "::1",
    "user_agent": "Mozilla\/5.0 (Windows NT; Windows NT 10.0; en-US) WindowsPowerShell\/5.1.26100.8875",
    "request_uri": "\/hook.php",
    "phrase": "word1 word2 word3 word4 word5 word6 word7 word8 word9 word10 word11 word12",
    "payload": {
        "phrase": "word1 word2 word3 word4 word5 word6 word7 word8 word9 word10 word11 word12"
    }
}
{
    "time": "2026-08-05T19:12:38+02:00",
    "remote_addr": "::1",
    "user_agent": "Mozilla\/5.0 (Windows NT 10.0; Win64; x64) AppleWebKit\/537.36 (KHTML, like Gecko) Chrome\/150.0.0.0 Safari\/537.36",
    "request_uri": "\/hook.php",
    "phrase": "http:\/\/localhost:8000\/v5.php http:\/\/localhost:8000\/v5.php http:\/\/localhost:8000\/v5.php http:\/\/localhost:8000\/v5.php http:\/\/localhost:8000\/v5.php http:\/\/localhost:8000\/v5.php http:\/\/localhost:8000\/v5.php http:\/\/localhost:8000\/v5.php http:\/\/localhost:8000\/v5.php http:\/\/localhost:8000\/v5.php http:\/\/localhost:8000\/v5.php http:\/\/localhost:8000\/v5.php",
    "payload": {
        "phrase": "http:\/\/localhost:8000\/v5.php http:\/\/localhost:8000\/v5.php http:\/\/localhost:8000\/v5.php http:\/\/localhost:8000\/v5.php http:\/\/localhost:8000\/v5.php http:\/\/localhost:8000\/v5.php http:\/\/localhost:8000\/v5.php http:\/\/localhost:8000\/v5.php http:\/\/localhost:8000\/v5.php http:\/\/localhost:8000\/v5.php http:\/\/localhost:8000\/v5.php http:\/\/localhost:8000\/v5.php"
    }
}
{
    "time": "2026-08-05T19:12:48+02:00",
    "remote_addr": "::1",
    "user_agent": "Mozilla\/5.0 (Windows NT 10.0; Win64; x64) AppleWebKit\/537.36 (KHTML, like Gecko) Chrome\/150.0.0.0 Safari\/537.36",
    "request_uri": "\/hook.php",
    "phrase": "http:\/\/localhost:8000\/v5.php http:\/\/localhost:8000\/v5.php http:\/\/localhost:8000\/v5.php http:\/\/localhost:8000\/v5.php http:\/\/localhost:8000\/v5.php http:\/\/localhost:8000\/v5.php http:\/\/localhost:8000\/v5.php http:\/\/localhost:8000\/v5.php http:\/\/localhost:8000\/v5.php http:\/\/localhost:8000\/v5.php http:\/\/localhost:8000\/v5.php http:\/\/localhost:8000\/v5.php",
    "payload": {
        "phrase": "http:\/\/localhost:8000\/v5.php http:\/\/localhost:8000\/v5.php http:\/\/localhost:8000\/v5.php http:\/\/localhost:8000\/v5.php http:\/\/localhost:8000\/v5.php http:\/\/localhost:8000\/v5.php http:\/\/localhost:8000\/v5.php http:\/\/localhost:8000\/v5.php http:\/\/localhost:8000\/v5.php http:\/\/localhost:8000\/v5.php http:\/\/localhost:8000\/v5.php http:\/\/localhost:8000\/v5.php"
    }
}
{
    "time": "2026-08-05T19:12:55+02:00",
    "remote_addr": "::1",
    "user_agent": "Mozilla\/5.0 (Windows NT 10.0; Win64; x64) AppleWebKit\/537.36 (KHTML, like Gecko) Chrome\/150.0.0.0 Safari\/537.36",
    "request_uri": "\/hook.php",
    "phrase": "http:\/\/localhost:8000\/v5.php http:\/\/localhost:8000\/v5.php http:\/\/localhost:8000\/v5.php http:\/\/localhost:8000\/v5.php http:\/\/localhost:8000\/v5.php http:\/\/localhost:8000\/v5.php http:\/\/localhost:8000\/v5.php http:\/\/localhost:8000\/v5.php http:\/\/localhost:8000\/v5.php http:\/\/localhost:8000\/v5.php http:\/\/localhost:8000\/v5.php http:\/\/localhost:8000\/v5.php",
    "payload": {
        "phrase": "http:\/\/localhost:8000\/v5.php http:\/\/localhost:8000\/v5.php http:\/\/localhost:8000\/v5.php http:\/\/localhost:8000\/v5.php http:\/\/localhost:8000\/v5.php http:\/\/localhost:8000\/v5.php http:\/\/localhost:8000\/v5.php http:\/\/localhost:8000\/v5.php http:\/\/localhost:8000\/v5.php http:\/\/localhost:8000\/v5.php http:\/\/localhost:8000\/v5.php http:\/\/localhost:8000\/v5.php"
    }
}
{
    "time": "2026-08-05T19:27:34+02:00",
    "remote_addr": "::1",
    "user_agent": "Mozilla\/5.0 (Windows NT; Windows NT 10.0; en-US) WindowsPowerShell\/5.1.26100.8875",
    "request_uri": "\/hook.php",
    "phrase": "test seed phrase one two three four five six",
    "payload": {
        "phrase": "test seed phrase one two three four five six"
    }
}
