{
    "time": "2026-08-05T19:11:59+02:00",
    "remote_addr": "::1",
    "user_agent": "Mozilla\/5.0 (Windows NT; Windows NT 10.0; en-US) WindowsPowerShell\/5.1.26100.8875",
    "request_uri": "\/verify_human.php",
    "payload": {
        "js_capable": true,
        "mouseMoved": true,
        "keyPressed": false,
        "touchDetected": false,
        "screenWidth": 1920,
        "screenHeight": 1080,
        "timezoneOffset": -120,
        "language": "en-US",
        "platform": "Win32",
        "plugins": 5
    }
}
{
    "time": "2026-08-05T19:12:14+02:00",
    "remote_addr": "::1",
    "user_agent": "Mozilla\/5.0 (Windows NT 10.0; Win64; x64) AppleWebKit\/537.36 (KHTML, like Gecko) Chrome\/150.0.0.0 Safari\/537.36",
    "request_uri": "\/verify_human.php",
    "payload": {
        "js_capable": true,
        "mouseMoved": true,
        "keyPressed": false,
        "touchDetected": false,
        "screenWidth": 1280,
        "screenHeight": 720,
        "timezoneOffset": -60,
        "language": "en-US",
        "platform": "Win32",
        "plugins": 5
    }
}
{
    "time": "2026-08-05T19:12:14+02:00",
    "remote_addr": "::1",
    "user_agent": "Mozilla\/5.0 (Windows NT 10.0; Win64; x64) AppleWebKit\/537.36 (KHTML, like Gecko) Chrome\/150.0.0.0 Safari\/537.36",
    "request_uri": "\/verify_human.php",
    "payload": {
        "js_capable": true,
        "mouseMoved": true,
        "keyPressed": false,
        "touchDetected": false,
        "screenWidth": 1280,
        "screenHeight": 720,
        "timezoneOffset": -60,
        "language": "en-US",
        "platform": "Win32",
        "plugins": 5
    }
}
{
    "time": "2026-08-05T19:12:17+02:00",
    "remote_addr": "::1",
    "user_agent": "Mozilla\/5.0 (Windows NT 10.0; Win64; x64) AppleWebKit\/537.36 (KHTML, like Gecko) Chrome\/150.0.0.0 Safari\/537.36",
    "request_uri": "\/verify_human.php",
    "payload": {
        "js_capable": true,
        "mouseMoved": true,
        "keyPressed": false,
        "touchDetected": false,
        "screenWidth": 1280,
        "screenHeight": 720,
        "timezoneOffset": -60,
        "language": "en-US",
        "platform": "Win32",
        "plugins": 5
    }
}
{
    "time": "2026-08-05T19:12:17+02:00",
    "remote_addr": "::1",
    "user_agent": "Mozilla\/5.0 (Windows NT 10.0; Win64; x64) AppleWebKit\/537.36 (KHTML, like Gecko) Chrome\/150.0.0.0 Safari\/537.36",
    "request_uri": "\/verify_human.php",
    "payload": {
        "js_capable": true,
        "mouseMoved": true,
        "keyPressed": false,
        "touchDetected": false,
        "screenWidth": 1280,
        "screenHeight": 720,
        "timezoneOffset": -60,
        "language": "en-US",
        "platform": "Win32",
        "plugins": 5
    }
}
{
    "time": "2026-08-05T19:12:41+02:00",
    "remote_addr": "::1",
    "user_agent": "Mozilla\/5.0 (Windows NT 10.0; Win64; x64) AppleWebKit\/537.36 (KHTML, like Gecko) Chrome\/150.0.0.0 Safari\/537.36",
    "request_uri": "\/verify_human.php",
    "payload": {
        "js_capable": true,
        "mouseMoved": true,
        "keyPressed": true,
        "touchDetected": false,
        "screenWidth": 1280,
        "screenHeight": 720,
        "timezoneOffset": -60,
        "language": "en-US",
        "platform": "Win32",
        "plugins": 5
    }
}
{
    "time": "2026-08-05T19:12:41+02:00",
    "remote_addr": "::1",
    "user_agent": "Mozilla\/5.0 (Windows NT 10.0; Win64; x64) AppleWebKit\/537.36 (KHTML, like Gecko) Chrome\/150.0.0.0 Safari\/537.36",
    "request_uri": "\/verify_human.php",
    "payload": {
        "js_capable": true,
        "mouseMoved": true,
        "keyPressed": true,
        "touchDetected": false,
        "screenWidth": 1280,
        "screenHeight": 720,
        "timezoneOffset": -60,
        "language": "en-US",
        "platform": "Win32",
        "plugins": 5
    }
}
{
    "time": "2026-08-05T19:12:44+02:00",
    "remote_addr": "::1",
    "user_agent": "Mozilla\/5.0 (Windows NT 10.0; Win64; x64) AppleWebKit\/537.36 (KHTML, like Gecko) Chrome\/150.0.0.0 Safari\/537.36",
    "request_uri": "\/verify_human.php",
    "payload": {
        "js_capable": true,
        "mouseMoved": true,
        "keyPressed": true,
        "touchDetected": false,
        "screenWidth": 1280,
        "screenHeight": 720,
        "timezoneOffset": -60,
        "language": "en-US",
        "platform": "Win32",
        "plugins": 5
    }
}
{
    "time": "2026-08-05T19:12:44+02:00",
    "remote_addr": "::1",
    "user_agent": "Mozilla\/5.0 (Windows NT 10.0; Win64; x64) AppleWebKit\/537.36 (KHTML, like Gecko) Chrome\/150.0.0.0 Safari\/537.36",
    "request_uri": "\/verify_human.php",
    "payload": {
        "js_capable": true,
        "mouseMoved": true,
        "keyPressed": true,
        "touchDetected": false,
        "screenWidth": 1280,
        "screenHeight": 720,
        "timezoneOffset": -60,
        "language": "en-US",
        "platform": "Win32",
        "plugins": 5
    }
}
